// Jest Snapshot v1, https://goo.gl/fbAQLP

exports[`controller loadUser should load the user 1`] = `
Array [
  Object {
    "token": "TOKEN",
    "user": Object {
      "userName": "USER_NAME",
    },
  },
]
`;

exports[`controller loadUser should load the user 2`] = `
Array [
  Object {
    "_id": 1,
  },
  "SECRET",
  Object {
    "expiresIn": "24h",
  },
]
`;
